python : Traceback (most recent call last):
At line:1 char:78
+ ... pi-cache" ; python test_ecommerce_unit.py > test_output.txt 2>&1 ; ca ...
+                 ~~~~~~~~~~~~~~~~~~~~~~~~~~~~~~~~~~~~~~~~~~~~~~~~~~~~
    + CategoryInfo          : NotSpecified: (Traceback (most recent call last)::String) [], RemoteException
    + FullyQualifiedErrorId : NativeCommandError
 
  File "C:\Users\dlahi\OneDrive\Desktop\4th YEAR\FYP\code\markov-rl-api-cache\test_ecommerce_unit.py", line 7, in <module>
    from simulator.services.ecommerce import (
ImportError: cannot import name 'AuthService' from 'simulator.services.ecommerce' (C:\Users\dlahi\OneDrive\Desktop\4th 
YEAR\FYP\code\markov-rl-api-cache\simulator\services\ecommerce\__init__.py)
